zclvmzcvlazcbma
